Spending Overview

Monthly spend: ₹3,184
Yearly spend:  ₹38,208

Top Subscriptions

Adobe CC        ₹1,675
GitHub Copilot  ₹860
Netflix         ₹649

Category Breakdown

Development     80%
Entertainment   20%

Coming Up

Jul 21  Netflix            ₹649
Jul 24  GitHub Copilot     $10
Aug 04  Adobe CC           ₹1,675

Payment Methods

HDFC Millennia     1 subs  ₹1,675
ICICI Amazon Pay   2 subs  ₹1,509

1 subscription(s) unconfirmed past the stale threshold.
Potential yearly savings: ₹20,100
